prontera, 150, 150, 4	script	Test	FAKE_NPC,{
	if (a)
		x = 1;

	if (a) {
		x = 1;
	}

	if (a) {
		x = 1;
	} else if (b) {
		x = 2;
	} else {
		x = 3;
	}

	if (a) {
		x = 1;
	} else if (b) {
		x = 2;
	}

	if (a) {
		x = 1;
	} else {
		x = 2;
	}
	
	if (a)
		x = 1;
	else
		x = 2;
}
