prontera, 150, 150, 4	script	Test	FAKE_NPC,{
	switch (.@i) {
	case 1:
	default:
		.@i = 10;
		break;
	}
}
