// Tset
airplane, 243, 73, 0	script	#AirshipWarp-1	WARPNPC, 1, 1,{
	end;

OnInit:
OnHide:
	specialeffect(EF_BASH);
	disablenpc(strnpcinfo(NPC_NAME));
	end;

OnUnhide:
	enablenpc(strnpcinfo(NPC_NAME));
	specialeffect(EF_SUMMONSLAVE);
	end;

OnTouch:
	switch ($@airplanelocation) {
	case 0:
		warp("yuno", 92, 260);
		end;
	case 1:
		warp("einbroch", 92, 278);
		end;
	case 2:
		warp("lighthalzen", 302, 75);
		end;
	case 3:
		warp("hugel", 181, 146);
		end;
	}
}

prontera, 150, 150, 4	shop	Test	FAKE_NPC,501:10
prontera, 150, 150, 4	shop	Test	FAKE_NPC,501:10,502:20

prontera, 150, 150, 4	script	Subscript	FAKE_NPC,{
	mes("Hello");
	mes("Bye");
	close();
}
